C:\Users\kauan\OneDrive\Documentos\Unitins\3° Período\Tópicos 1\projeto-jogos-api\src\test\java\com\kauangamestore\resource\AuthResourceTest.java
C:\Users\kauan\OneDrive\Documentos\Unitins\3° Período\Tópicos 1\projeto-jogos-api\src\test\java\com\kauangamestore\resource\CategoriaResourceTest.java
C:\Users\kauan\OneDrive\Documentos\Unitins\3° Período\Tópicos 1\projeto-jogos-api\src\test\java\com\kauangamestore\resource\EmpresaResourceTest.java
C:\Users\kauan\OneDrive\Documentos\Unitins\3° Período\Tópicos 1\projeto-jogos-api\src\test\java\com\kauangamestore\resource\JogoResourceTest.java
C:\Users\kauan\OneDrive\Documentos\Unitins\3° Período\Tópicos 1\projeto-jogos-api\src\test\java\com\kauangamestore\resource\PedidoResourceTest.java
C:\Users\kauan\OneDrive\Documentos\Unitins\3° Período\Tópicos 1\projeto-jogos-api\src\test\java\com\kauangamestore\resource\PlataformaResourceTest.java
C:\Users\kauan\OneDrive\Documentos\Unitins\3° Período\Tópicos 1\projeto-jogos-api\src\test\java\com\kauangamestore\resource\UsuarioResourceTest.java
